// Jest Snapshot v1, https://goo.gl/fbAQLP

exports[`User Login should log in a user with valid credentials: User login 1`] = `
Object {
  "data": {
    "loginRequest": {
      "accessToken": "some-valid-access-token",
      "tokenType": "bearer",
      "expiresAt": "2025-05-25T16:36:24.076Z"
    }
  },
  "errors": undefined,
  "extensions": undefined,
  "http": Object {
    "headers": Headers {
      Symbol(map): Object {},
    },
  },
}
`;
